Validating documentation
Source file: %[1]s
Schema file: %[2]s
Using default placeholders '<!-- DOCS_START -->' and '<!-- DOCS_END -->'

[FAILURE] Documentation is not valid
Reason: invalid documentation error: documentation from readme %[1]s do not match output generated from %[2]s

