Generating documentation
Schema: %[1]s
Destination file: %[2]s
Using default placeholders '<!-- DOCS_START -->' and '<!-- DOCS_END -->'

[SUCCESS] Documentation generated successfully!
