Validating documentation
Source file: %[1]s
Schema file: %[2]s
Using default placeholders '<!-- DOCS_START -->' and '<!-- DOCS_END -->'

[SUCCESS] Documentation is valid!
