Validating documentation
Source file: %[1]s
Schema file: %[2]s
Using default placeholders '<!-- DOCS_START -->' and '<!-- DOCS_END -->'

[ERROR] Failed to validate documentation
Reason: failed to generate docs from schema: failing loading "file://%[2]s": open %[2]s: no such file or directory: invalidSchemaFile
