Validating documentation

[ERROR] Failed to validate documentation
Reason: invalid flag error: --schema must be set to a non-empty value
