Generating documentation
Schema: %[1]s

[ERROR] Failed to generate documentation
Reason: invalid file error: stat ./readme.md: no such file or directory
