Validating documentation
Source file: %[1]s

[ERROR] Failed to validate documentation
Reason: failed to create readme: failed to stat file: stat %[1]s: no such file or directory: invalidFileError
