Generating documentation
Schema: %[1]s

[ERROR] Failed to generate documentation
Reason: failed to create readme: failed to stat file: stat %[2]s: no such file or directory: invalidFileError
